10-Nov-2025 21:39:50.195 INFO [main] org.apache.catalina.startup.VersionLoggerListener.log Server version name:   Apache Tomcat/9.0.112
10-Nov-2025 21:39:50.199 INFO [main] org.apache.catalina.startup.VersionLoggerListener.log Server built:          Nov 6 2025 07:46:18 UTC
10-Nov-2025 21:39:50.199 INFO [main] org.apache.catalina.startup.VersionLoggerListener.log Server version number: 9.0.112.0
10-Nov-2025 21:39:50.199 INFO [main] org.apache.catalina.startup.VersionLoggerListener.log OS Name:               Windows 11
10-Nov-2025 21:39:50.199 INFO [main] org.apache.catalina.startup.VersionLoggerListener.log OS Version:            10.0
10-Nov-2025 21:39:50.201 INFO [main] org.apache.catalina.startup.VersionLoggerListener.log Architecture:          amd64
10-Nov-2025 21:39:50.201 INFO [main] org.apache.catalina.startup.VersionLoggerListener.log Java Home:             C:\Program Files\Java\jdk-24
10-Nov-2025 21:39:50.201 INFO [main] org.apache.catalina.startup.VersionLoggerListener.log JVM Version:           24.0.1+9-30
10-Nov-2025 21:39:50.201 INFO [main] org.apache.catalina.startup.VersionLoggerListener.log JVM Vendor:            Oracle Corporation
10-Nov-2025 21:39:50.201 INFO [main] org.apache.catalina.startup.VersionLoggerListener.log CATALINA_BASE:         E:\springboot_practice\apache-tomcat-9.0.112
10-Nov-2025 21:39:50.201 INFO [main] org.apache.catalina.startup.VersionLoggerListener.log CATALINA_HOME:         E:\springboot_practice\apache-tomcat-9.0.112
10-Nov-2025 21:39:50.222 INFO [main] org.apache.catalina.startup.VersionLoggerListener.log Command line argument: --add-opens=java.base/java.lang=ALL-UNNAMED
10-Nov-2025 21:39:50.222 INFO [main] org.apache.catalina.startup.VersionLoggerListener.log Command line argument: --add-opens=java.base/java.lang.invoke=ALL-UNNAMED
10-Nov-2025 21:39:50.222 INFO [main] org.apache.catalina.startup.VersionLoggerListener.log Command line argument: --add-opens=java.base/java.lang.reflect=ALL-UNNAMED
10-Nov-2025 21:39:50.223 INFO [main] org.apache.catalina.startup.VersionLoggerListener.log Command line argument: --add-opens=java.base/java.io=ALL-UNNAMED
10-Nov-2025 21:39:50.223 INFO [main] org.apache.catalina.startup.VersionLoggerListener.log Command line argument: --add-opens=java.base/java.util=ALL-UNNAMED
10-Nov-2025 21:39:50.223 INFO [main] org.apache.catalina.startup.VersionLoggerListener.log Command line argument: --add-opens=java.base/java.util.concurrent=ALL-UNNAMED
10-Nov-2025 21:39:50.223 INFO [main] org.apache.catalina.startup.VersionLoggerListener.log Command line argument: --add-opens=java.rmi/sun.rmi.transport=ALL-UNNAMED
10-Nov-2025 21:39:50.223 INFO [main] org.apache.catalina.startup.VersionLoggerListener.log Command line argument: -Djava.util.logging.config.file=E:\springboot_practice\apache-tomcat-9.0.112\conf\logging.properties
10-Nov-2025 21:39:50.223 INFO [main] org.apache.catalina.startup.VersionLoggerListener.log Command line argument: -Djava.util.logging.manager=org.apache.juli.ClassLoaderLogManager
10-Nov-2025 21:39:50.224 INFO [main] org.apache.catalina.startup.VersionLoggerListener.log Command line argument: -Djdk.tls.ephemeralDHKeySize=2048
10-Nov-2025 21:39:50.224 INFO [main] org.apache.catalina.startup.VersionLoggerListener.log Command line argument: -Djava.protocol.handler.pkgs=org.apache.catalina.webresources
10-Nov-2025 21:39:50.224 INFO [main] org.apache.catalina.startup.VersionLoggerListener.log Command line argument: -Dsun.io.useCanonCaches=false
10-Nov-2025 21:39:50.224 INFO [main] org.apache.catalina.startup.VersionLoggerListener.log Command line argument: -Dignore.endorsed.dirs=
10-Nov-2025 21:39:50.224 INFO [main] org.apache.catalina.startup.VersionLoggerListener.log Command line argument: -Dcatalina.base=E:\springboot_practice\apache-tomcat-9.0.112
10-Nov-2025 21:39:50.224 INFO [main] org.apache.catalina.startup.VersionLoggerListener.log Command line argument: -Dcatalina.home=E:\springboot_practice\apache-tomcat-9.0.112
10-Nov-2025 21:39:50.224 INFO [main] org.apache.catalina.startup.VersionLoggerListener.log Command line argument: -Djava.io.tmpdir=E:\springboot_practice\apache-tomcat-9.0.112\temp
10-Nov-2025 21:39:50.238 INFO [main] org.apache.catalina.core.AprLifecycleListener.lifecycleEvent The Apache Tomcat Native library which allows using OpenSSL was not found on the java.library.path: [C:\Program Files\Java\jdk-24\bin;C:\WINDOWS\Sun\Java\bin;C:\WINDOWS\system32;C:\WINDOWS;C:\Program Files\Common Files\Oracle\Java\javapath;C:\WINDOWS\system32;C:\WINDOWS;C:\WINDOWS\System32\Wbem;C:\WINDOWS\System32\WindowsPowerShell\v1.0\;C:\WINDOWS\System32\OpenSSH\;C:\Program Files\Git\cmd;C:\Program Files\nodejs\;C:\Program Files\PostgreSQL\17\pgAdmin 4\runtime;E:\springboot_practice\apache-tomcat-9.0.112\bin;C:\Program Files\Java\jdk-24\bin;C:\Program Files\MySQL\MySQL Shell 8.0\bin\;C:\Users\wahla\AppData\Local\Microsoft\WindowsApps;C:\Users\wahla\AppData\Local\Programs\Microsoft VS Code\bin;E:\flutter\bin;C:\Users\wahla\AppData\Local\Google\Cloud SDK\google-cloud-sdk\bin;C:\Users\wahla\AppData\Local\Packages\PythonSoftwareFoundation.Python.3.13_qbz5n2kfra8p0\LocalCache\local-packages\Python313\Scripts;C:\Users\wahla\AppData\Roaming\npm;C:\Program Files\Common Files\Oracle\Java\javapath;C:\Users\wahla\IntelliJ IDEA Community Edition 2025.1.4.1\bin;;C:\Program Files\PostgreSQL\17\pgAdmin 4\runtime;C:\Program Files\Java\jdk-24\bin;E:\springboot_practice\apache-tomcat-9.0.112\bin;;.]
10-Nov-2025 21:39:50.587 INFO [main] org.apache.coyote.AbstractProtocol.init Initializing ProtocolHandler ["http-nio-8080"]
10-Nov-2025 21:39:50.618 INFO [main] org.apache.catalina.startup.Catalina.load Server initialization in [680] milliseconds
10-Nov-2025 21:39:50.681 INFO [main] org.apache.catalina.core.StandardService.startInternal Starting service [Catalina]
10-Nov-2025 21:39:50.681 INFO [main] org.apache.catalina.core.StandardEngine.startInternal Starting Servlet engine: [Apache Tomcat/9.0.112]
10-Nov-2025 21:39:50.693 INFO [main] org.apache.catalina.startup.HostConfig.deployDirectory Deploying web application directory [E:\springboot_practice\apache-tomcat-9.0.112\webapps\docs]
10-Nov-2025 21:39:51.126 INFO [main] org.apache.catalina.startup.HostConfig.deployDirectory Deployment of web application directory [E:\springboot_practice\apache-tomcat-9.0.112\webapps\docs] has finished in [432] ms
10-Nov-2025 21:39:51.127 INFO [main] org.apache.catalina.startup.HostConfig.deployDirectory Deploying web application directory [E:\springboot_practice\apache-tomcat-9.0.112\webapps\examples]
10-Nov-2025 21:39:51.578 INFO [main] org.apache.catalina.startup.HostConfig.deployDirectory Deployment of web application directory [E:\springboot_practice\apache-tomcat-9.0.112\webapps\examples] has finished in [451] ms
10-Nov-2025 21:39:51.579 INFO [main] org.apache.catalina.startup.HostConfig.deployDirectory Deploying web application directory [E:\springboot_practice\apache-tomcat-9.0.112\webapps\host-manager]
10-Nov-2025 21:39:51.616 INFO [main] org.apache.catalina.startup.HostConfig.deployDirectory Deployment of web application directory [E:\springboot_practice\apache-tomcat-9.0.112\webapps\host-manager] has finished in [38] ms
10-Nov-2025 21:39:51.617 INFO [main] org.apache.catalina.startup.HostConfig.deployDirectory Deploying web application directory [E:\springboot_practice\apache-tomcat-9.0.112\webapps\manager]
10-Nov-2025 21:39:51.650 INFO [main] org.apache.catalina.startup.HostConfig.deployDirectory Deployment of web application directory [E:\springboot_practice\apache-tomcat-9.0.112\webapps\manager] has finished in [33] ms
10-Nov-2025 21:39:51.650 INFO [main] org.apache.catalina.startup.HostConfig.deployDirectory Deploying web application directory [E:\springboot_practice\apache-tomcat-9.0.112\webapps\ROOT]
10-Nov-2025 21:39:51.679 INFO [main] org.apache.catalina.startup.HostConfig.deployDirectory Deployment of web application directory [E:\springboot_practice\apache-tomcat-9.0.112\webapps\ROOT] has finished in [28] ms
10-Nov-2025 21:39:51.684 INFO [main] org.apache.coyote.AbstractProtocol.start Starting ProtocolHandler ["http-nio-8080"]
10-Nov-2025 21:39:51.717 INFO [main] org.apache.catalina.startup.Catalina.start Server startup in [1095] milliseconds
10-Nov-2025 21:41:38.378 INFO [main] org.apache.catalina.startup.VersionLoggerListener.log Server version name:   Apache Tomcat/9.0.112
10-Nov-2025 21:41:38.381 INFO [main] org.apache.catalina.startup.VersionLoggerListener.log Server built:          Nov 6 2025 07:46:18 UTC
10-Nov-2025 21:41:38.383 INFO [main] org.apache.catalina.startup.VersionLoggerListener.log Server version number: 9.0.112.0
10-Nov-2025 21:41:38.384 INFO [main] org.apache.catalina.startup.VersionLoggerListener.log OS Name:               Windows 11
10-Nov-2025 21:41:38.384 INFO [main] org.apache.catalina.startup.VersionLoggerListener.log OS Version:            10.0
10-Nov-2025 21:41:38.384 INFO [main] org.apache.catalina.startup.VersionLoggerListener.log Architecture:          amd64
10-Nov-2025 21:41:38.384 INFO [main] org.apache.catalina.startup.VersionLoggerListener.log Java Home:             C:\Program Files\Java\jdk-24
10-Nov-2025 21:41:38.385 INFO [main] org.apache.catalina.startup.VersionLoggerListener.log JVM Version:           24.0.1+9-30
10-Nov-2025 21:41:38.385 INFO [main] org.apache.catalina.startup.VersionLoggerListener.log JVM Vendor:            Oracle Corporation
10-Nov-2025 21:41:38.385 INFO [main] org.apache.catalina.startup.VersionLoggerListener.log CATALINA_BASE:         E:\springboot_practice\apache-tomcat-9.0.112
10-Nov-2025 21:41:38.385 INFO [main] org.apache.catalina.startup.VersionLoggerListener.log CATALINA_HOME:         E:\springboot_practice\apache-tomcat-9.0.112
10-Nov-2025 21:41:38.402 INFO [main] org.apache.catalina.startup.VersionLoggerListener.log Command line argument: --add-opens=java.base/java.lang=ALL-UNNAMED
10-Nov-2025 21:41:38.402 INFO [main] org.apache.catalina.startup.VersionLoggerListener.log Command line argument: --add-opens=java.base/java.lang.invoke=ALL-UNNAMED
10-Nov-2025 21:41:38.402 INFO [main] org.apache.catalina.startup.VersionLoggerListener.log Command line argument: --add-opens=java.base/java.lang.reflect=ALL-UNNAMED
10-Nov-2025 21:41:38.403 INFO [main] org.apache.catalina.startup.VersionLoggerListener.log Command line argument: --add-opens=java.base/java.io=ALL-UNNAMED
10-Nov-2025 21:41:38.403 INFO [main] org.apache.catalina.startup.VersionLoggerListener.log Command line argument: --add-opens=java.base/java.util=ALL-UNNAMED
10-Nov-2025 21:41:38.403 INFO [main] org.apache.catalina.startup.VersionLoggerListener.log Command line argument: --add-opens=java.base/java.util.concurrent=ALL-UNNAMED
10-Nov-2025 21:41:38.403 INFO [main] org.apache.catalina.startup.VersionLoggerListener.log Command line argument: --add-opens=java.rmi/sun.rmi.transport=ALL-UNNAMED
10-Nov-2025 21:41:38.403 INFO [main] org.apache.catalina.startup.VersionLoggerListener.log Command line argument: -Djava.util.logging.config.file=E:\springboot_practice\apache-tomcat-9.0.112\conf\logging.properties
10-Nov-2025 21:41:38.403 INFO [main] org.apache.catalina.startup.VersionLoggerListener.log Command line argument: -Djava.util.logging.manager=org.apache.juli.ClassLoaderLogManager
10-Nov-2025 21:41:38.404 INFO [main] org.apache.catalina.startup.VersionLoggerListener.log Command line argument: -Djdk.tls.ephemeralDHKeySize=2048
10-Nov-2025 21:41:38.404 INFO [main] org.apache.catalina.startup.VersionLoggerListener.log Command line argument: -Djava.protocol.handler.pkgs=org.apache.catalina.webresources
10-Nov-2025 21:41:38.404 INFO [main] org.apache.catalina.startup.VersionLoggerListener.log Command line argument: -Dsun.io.useCanonCaches=false
10-Nov-2025 21:41:38.404 INFO [main] org.apache.catalina.startup.VersionLoggerListener.log Command line argument: -Dignore.endorsed.dirs=
10-Nov-2025 21:41:38.404 INFO [main] org.apache.catalina.startup.VersionLoggerListener.log Command line argument: -Dcatalina.base=E:\springboot_practice\apache-tomcat-9.0.112
10-Nov-2025 21:41:38.404 INFO [main] org.apache.catalina.startup.VersionLoggerListener.log Command line argument: -Dcatalina.home=E:\springboot_practice\apache-tomcat-9.0.112
10-Nov-2025 21:41:38.404 INFO [main] org.apache.catalina.startup.VersionLoggerListener.log Command line argument: -Djava.io.tmpdir=E:\springboot_practice\apache-tomcat-9.0.112\temp
10-Nov-2025 21:41:38.420 INFO [main] org.apache.catalina.core.AprLifecycleListener.lifecycleEvent The Apache Tomcat Native library which allows using OpenSSL was not found on the java.library.path: [C:\Program Files\Java\jdk-24\bin;C:\WINDOWS\Sun\Java\bin;C:\WINDOWS\system32;C:\WINDOWS;C:\Program Files\Common Files\Oracle\Java\javapath;C:\WINDOWS\system32;C:\WINDOWS;C:\WINDOWS\System32\Wbem;C:\WINDOWS\System32\WindowsPowerShell\v1.0\;C:\WINDOWS\System32\OpenSSH\;C:\Program Files\Git\cmd;C:\Program Files\nodejs\;C:\Program Files\PostgreSQL\17\pgAdmin 4\runtime;E:\springboot_practice\apache-tomcat-9.0.112\bin;C:\Program Files\Java\jdk-24\bin;C:\Program Files\MySQL\MySQL Shell 8.0\bin\;C:\Users\wahla\AppData\Local\Microsoft\WindowsApps;C:\Users\wahla\AppData\Local\Programs\Microsoft VS Code\bin;E:\flutter\bin;C:\Users\wahla\AppData\Local\Google\Cloud SDK\google-cloud-sdk\bin;C:\Users\wahla\AppData\Local\Packages\PythonSoftwareFoundation.Python.3.13_qbz5n2kfra8p0\LocalCache\local-packages\Python313\Scripts;C:\Users\wahla\AppData\Roaming\npm;C:\Program Files\Common Files\Oracle\Java\javapath;C:\Users\wahla\IntelliJ IDEA Community Edition 2025.1.4.1\bin;;C:\Program Files\PostgreSQL\17\pgAdmin 4\runtime;C:\Program Files\Java\jdk-24\bin;E:\springboot_practice\apache-tomcat-9.0.112\bin;;.]
10-Nov-2025 21:41:38.772 INFO [main] org.apache.coyote.AbstractProtocol.init Initializing ProtocolHandler ["http-nio-8080"]
10-Nov-2025 21:41:38.801 INFO [main] org.apache.catalina.startup.Catalina.load Server initialization in [663] milliseconds
10-Nov-2025 21:41:38.853 INFO [main] org.apache.catalina.core.StandardService.startInternal Starting service [Catalina]
10-Nov-2025 21:41:38.854 INFO [main] org.apache.catalina.core.StandardEngine.startInternal Starting Servlet engine: [Apache Tomcat/9.0.112]
10-Nov-2025 21:41:38.864 INFO [main] org.apache.catalina.startup.HostConfig.deployDirectory Deploying web application directory [E:\springboot_practice\apache-tomcat-9.0.112\webapps\docs]
10-Nov-2025 21:41:39.153 INFO [main] org.apache.catalina.startup.HostConfig.deployDirectory Deployment of web application directory [E:\springboot_practice\apache-tomcat-9.0.112\webapps\docs] has finished in [288] ms
10-Nov-2025 21:41:39.154 INFO [main] org.apache.catalina.startup.HostConfig.deployDirectory Deploying web application directory [E:\springboot_practice\apache-tomcat-9.0.112\webapps\examples]
10-Nov-2025 21:41:39.569 INFO [main] org.apache.catalina.startup.HostConfig.deployDirectory Deployment of web application directory [E:\springboot_practice\apache-tomcat-9.0.112\webapps\examples] has finished in [415] ms
10-Nov-2025 21:41:39.570 INFO [main] org.apache.catalina.startup.HostConfig.deployDirectory Deploying web application directory [E:\springboot_practice\apache-tomcat-9.0.112\webapps\host-manager]
10-Nov-2025 21:41:39.609 INFO [main] org.apache.catalina.startup.HostConfig.deployDirectory Deployment of web application directory [E:\springboot_practice\apache-tomcat-9.0.112\webapps\host-manager] has finished in [39] ms
10-Nov-2025 21:41:39.610 INFO [main] org.apache.catalina.startup.HostConfig.deployDirectory Deploying web application directory [E:\springboot_practice\apache-tomcat-9.0.112\webapps\manager]
10-Nov-2025 21:41:39.641 INFO [main] org.apache.catalina.startup.HostConfig.deployDirectory Deployment of web application directory [E:\springboot_practice\apache-tomcat-9.0.112\webapps\manager] has finished in [31] ms
10-Nov-2025 21:41:39.642 INFO [main] org.apache.catalina.startup.HostConfig.deployDirectory Deploying web application directory [E:\springboot_practice\apache-tomcat-9.0.112\webapps\ROOT]
10-Nov-2025 21:41:39.662 INFO [main] org.apache.catalina.startup.HostConfig.deployDirectory Deployment of web application directory [E:\springboot_practice\apache-tomcat-9.0.112\webapps\ROOT] has finished in [21] ms
10-Nov-2025 21:41:39.666 INFO [main] org.apache.coyote.AbstractProtocol.start Starting ProtocolHandler ["http-nio-8080"]
10-Nov-2025 21:41:39.706 INFO [main] org.apache.catalina.startup.Catalina.start Server startup in [903] milliseconds
10-Nov-2025 21:43:21.196 INFO [main] org.apache.catalina.startup.VersionLoggerListener.log Server version name:   Apache Tomcat/9.0.112
10-Nov-2025 21:43:21.200 INFO [main] org.apache.catalina.startup.VersionLoggerListener.log Server built:          Nov 6 2025 07:46:18 UTC
10-Nov-2025 21:43:21.200 INFO [main] org.apache.catalina.startup.VersionLoggerListener.log Server version number: 9.0.112.0
10-Nov-2025 21:43:21.200 INFO [main] org.apache.catalina.startup.VersionLoggerListener.log OS Name:               Windows 11
10-Nov-2025 21:43:21.200 INFO [main] org.apache.catalina.startup.VersionLoggerListener.log OS Version:            10.0
10-Nov-2025 21:43:21.200 INFO [main] org.apache.catalina.startup.VersionLoggerListener.log Architecture:          amd64
10-Nov-2025 21:43:21.201 INFO [main] org.apache.catalina.startup.VersionLoggerListener.log Java Home:             C:\Program Files\Java\jdk-24
10-Nov-2025 21:43:21.201 INFO [main] org.apache.catalina.startup.VersionLoggerListener.log JVM Version:           24.0.1+9-30
10-Nov-2025 21:43:21.201 INFO [main] org.apache.catalina.startup.VersionLoggerListener.log JVM Vendor:            Oracle Corporation
10-Nov-2025 21:43:21.201 INFO [main] org.apache.catalina.startup.VersionLoggerListener.log CATALINA_BASE:         E:\springboot_practice\apache-tomcat-9.0.112
10-Nov-2025 21:43:21.201 INFO [main] org.apache.catalina.startup.VersionLoggerListener.log CATALINA_HOME:         E:\springboot_practice\apache-tomcat-9.0.112
10-Nov-2025 21:43:21.219 INFO [main] org.apache.catalina.startup.VersionLoggerListener.log Command line argument: --add-opens=java.base/java.lang=ALL-UNNAMED
10-Nov-2025 21:43:21.219 INFO [main] org.apache.catalina.startup.VersionLoggerListener.log Command line argument: --add-opens=java.base/java.lang.invoke=ALL-UNNAMED
10-Nov-2025 21:43:21.220 INFO [main] org.apache.catalina.startup.VersionLoggerListener.log Command line argument: --add-opens=java.base/java.lang.reflect=ALL-UNNAMED
10-Nov-2025 21:43:21.220 INFO [main] org.apache.catalina.startup.VersionLoggerListener.log Command line argument: --add-opens=java.base/java.io=ALL-UNNAMED
10-Nov-2025 21:43:21.220 INFO [main] org.apache.catalina.startup.VersionLoggerListener.log Command line argument: --add-opens=java.base/java.util=ALL-UNNAMED
10-Nov-2025 21:43:21.220 INFO [main] org.apache.catalina.startup.VersionLoggerListener.log Command line argument: --add-opens=java.base/java.util.concurrent=ALL-UNNAMED
10-Nov-2025 21:43:21.220 INFO [main] org.apache.catalina.startup.VersionLoggerListener.log Command line argument: --add-opens=java.rmi/sun.rmi.transport=ALL-UNNAMED
10-Nov-2025 21:43:21.220 INFO [main] org.apache.catalina.startup.VersionLoggerListener.log Command line argument: -Djava.util.logging.config.file=E:\springboot_practice\apache-tomcat-9.0.112\conf\logging.properties
10-Nov-2025 21:43:21.220 INFO [main] org.apache.catalina.startup.VersionLoggerListener.log Command line argument: -Djava.util.logging.manager=org.apache.juli.ClassLoaderLogManager
10-Nov-2025 21:43:21.220 INFO [main] org.apache.catalina.startup.VersionLoggerListener.log Command line argument: -Djdk.tls.ephemeralDHKeySize=2048
10-Nov-2025 21:43:21.220 INFO [main] org.apache.catalina.startup.VersionLoggerListener.log Command line argument: -Djava.protocol.handler.pkgs=org.apache.catalina.webresources
10-Nov-2025 21:43:21.221 INFO [main] org.apache.catalina.startup.VersionLoggerListener.log Command line argument: -Dsun.io.useCanonCaches=false
10-Nov-2025 21:43:21.221 INFO [main] org.apache.catalina.startup.VersionLoggerListener.log Command line argument: -Dignore.endorsed.dirs=
10-Nov-2025 21:43:21.221 INFO [main] org.apache.catalina.startup.VersionLoggerListener.log Command line argument: -Dcatalina.base=E:\springboot_practice\apache-tomcat-9.0.112
10-Nov-2025 21:43:21.221 INFO [main] org.apache.catalina.startup.VersionLoggerListener.log Command line argument: -Dcatalina.home=E:\springboot_practice\apache-tomcat-9.0.112
10-Nov-2025 21:43:21.221 INFO [main] org.apache.catalina.startup.VersionLoggerListener.log Command line argument: -Djava.io.tmpdir=E:\springboot_practice\apache-tomcat-9.0.112\temp
10-Nov-2025 21:43:21.235 INFO [main] org.apache.catalina.core.AprLifecycleListener.lifecycleEvent The Apache Tomcat Native library which allows using OpenSSL was not found on the java.library.path: [C:\Program Files\Java\jdk-24\bin;C:\WINDOWS\Sun\Java\bin;C:\WINDOWS\system32;C:\WINDOWS;C:\Program Files\Common Files\Oracle\Java\javapath;C:\WINDOWS\system32;C:\WINDOWS;C:\WINDOWS\System32\Wbem;C:\WINDOWS\System32\WindowsPowerShell\v1.0\;C:\WINDOWS\System32\OpenSSH\;C:\Program Files\Git\cmd;C:\Program Files\nodejs\;C:\Program Files\PostgreSQL\17\pgAdmin 4\runtime;E:\springboot_practice\apache-tomcat-9.0.112\bin;C:\Program Files\Java\jdk-24\bin;C:\Program Files\MySQL\MySQL Shell 8.0\bin\;C:\Users\wahla\AppData\Local\Microsoft\WindowsApps;C:\Users\wahla\AppData\Local\Programs\Microsoft VS Code\bin;E:\flutter\bin;C:\Users\wahla\AppData\Local\Google\Cloud SDK\google-cloud-sdk\bin;C:\Users\wahla\AppData\Local\Packages\PythonSoftwareFoundation.Python.3.13_qbz5n2kfra8p0\LocalCache\local-packages\Python313\Scripts;C:\Users\wahla\AppData\Roaming\npm;C:\Program Files\Common Files\Oracle\Java\javapath;C:\Users\wahla\IntelliJ IDEA Community Edition 2025.1.4.1\bin;;C:\Program Files\PostgreSQL\17\pgAdmin 4\runtime;C:\Program Files\Java\jdk-24\bin;E:\springboot_practice\apache-tomcat-9.0.112\bin;;.]
10-Nov-2025 21:43:21.646 INFO [main] org.apache.coyote.AbstractProtocol.init Initializing ProtocolHandler ["http-nio-8080"]
10-Nov-2025 21:43:21.678 INFO [main] org.apache.catalina.startup.Catalina.load Server initialization in [726] milliseconds
10-Nov-2025 21:43:21.741 INFO [main] org.apache.catalina.core.StandardService.startInternal Starting service [Catalina]
10-Nov-2025 21:43:21.741 INFO [main] org.apache.catalina.core.StandardEngine.startInternal Starting Servlet engine: [Apache Tomcat/9.0.112]
10-Nov-2025 21:43:21.754 INFO [main] org.apache.catalina.startup.HostConfig.deployDirectory Deploying web application directory [E:\springboot_practice\apache-tomcat-9.0.112\webapps\docs]
10-Nov-2025 21:43:22.123 INFO [main] org.apache.catalina.startup.HostConfig.deployDirectory Deployment of web application directory [E:\springboot_practice\apache-tomcat-9.0.112\webapps\docs] has finished in [369] ms
10-Nov-2025 21:43:22.124 INFO [main] org.apache.catalina.startup.HostConfig.deployDirectory Deploying web application directory [E:\springboot_practice\apache-tomcat-9.0.112\webapps\examples]
10-Nov-2025 21:43:22.628 INFO [main] org.apache.catalina.startup.HostConfig.deployDirectory Deployment of web application directory [E:\springboot_practice\apache-tomcat-9.0.112\webapps\examples] has finished in [504] ms
10-Nov-2025 21:43:22.629 INFO [main] org.apache.catalina.startup.HostConfig.deployDirectory Deploying web application directory [E:\springboot_practice\apache-tomcat-9.0.112\webapps\host-manager]
10-Nov-2025 21:43:22.675 INFO [main] org.apache.catalina.startup.HostConfig.deployDirectory Deployment of web application directory [E:\springboot_practice\apache-tomcat-9.0.112\webapps\host-manager] has finished in [46] ms
10-Nov-2025 21:43:22.675 INFO [main] org.apache.catalina.startup.HostConfig.deployDirectory Deploying web application directory [E:\springboot_practice\apache-tomcat-9.0.112\webapps\manager]
10-Nov-2025 21:43:22.716 INFO [main] org.apache.catalina.startup.HostConfig.deployDirectory Deployment of web application directory [E:\springboot_practice\apache-tomcat-9.0.112\webapps\manager] has finished in [41] ms
10-Nov-2025 21:43:22.717 INFO [main] org.apache.catalina.startup.HostConfig.deployDirectory Deploying web application directory [E:\springboot_practice\apache-tomcat-9.0.112\webapps\ROOT]
10-Nov-2025 21:43:22.752 INFO [main] org.apache.catalina.startup.HostConfig.deployDirectory Deployment of web application directory [E:\springboot_practice\apache-tomcat-9.0.112\webapps\ROOT] has finished in [35] ms
10-Nov-2025 21:43:22.756 INFO [main] org.apache.coyote.AbstractProtocol.start Starting ProtocolHandler ["http-nio-8080"]
10-Nov-2025 21:43:22.816 INFO [main] org.apache.catalina.startup.Catalina.start Server startup in [1135] milliseconds
10-Nov-2025 21:43:34.566 INFO [http-nio-8080-exec-4] org.apache.catalina.startup.HostConfig.deployWAR Deploying web application archive [E:\springboot_practice\apache-tomcat-9.0.112\webapps\demo-0.0.1-SNAPSHOT.war]
10-Nov-2025 21:43:39.171 WARNING [http-nio-8080-exec-4] org.apache.tomcat.util.descriptor.web.WebXml.setVersion Unknown version string [5.0]. Default version will be used.
10-Nov-2025 21:43:41.188 INFO [http-nio-8080-exec-4] org.apache.jasper.servlet.TldScanner.scanJars At least one JAR was scanned for TLDs yet contained no TLDs. Enable debug logging for this logger for a complete list of JARs that were scanned but no TLDs were found in them. Skipping unneeded JARs during scanning can improve startup time and JSP compilation time.
10-Nov-2025 21:43:41.204 INFO [http-nio-8080-exec-4] org.apache.catalina.startup.HostConfig.deployWAR Deployment of web application archive [E:\springboot_practice\apache-tomcat-9.0.112\webapps\demo-0.0.1-SNAPSHOT.war] has finished in [6,638] ms
10-Nov-2025 21:52:18.069 INFO [http-nio-8080-exec-8] org.apache.catalina.startup.HostConfig.undeploy Undeploying context [/demo-0.0.1-SNAPSHOT]
10-Nov-2025 21:52:27.386 INFO [http-nio-8080-exec-2] org.apache.catalina.startup.HostConfig.deployWAR Deploying web application archive [E:\springboot_practice\apache-tomcat-9.0.112\webapps\demo-0.0.1-SNAPSHOT.war]
10-Nov-2025 21:52:31.589 WARNING [http-nio-8080-exec-2] org.apache.tomcat.util.descriptor.web.WebXml.setVersion Unknown version string [5.0]. Default version will be used.
10-Nov-2025 21:52:33.689 INFO [http-nio-8080-exec-2] org.apache.jasper.servlet.TldScanner.scanJars At least one JAR was scanned for TLDs yet contained no TLDs. Enable debug logging for this logger for a complete list of JARs that were scanned but no TLDs were found in them. Skipping unneeded JARs during scanning can improve startup time and JSP compilation time.
10-Nov-2025 21:52:33.700 INFO [http-nio-8080-exec-2] org.apache.catalina.startup.HostConfig.deployWAR Deployment of web application archive [E:\springboot_practice\apache-tomcat-9.0.112\webapps\demo-0.0.1-SNAPSHOT.war] has finished in [6,315] ms
